
> airtable@0.1.0 build
> next build

Γû▓ Next.js 16.1.4 (Turbopack)
- Environments: .env

  Creating an optimized production build ...
Γ£ô Compiled successfully in 3.8s
  Running TypeScript ...
npm : Failed to compile.
At line:1 char:1
+ npm run build > 
build_output.txt 2>&1
+ ~~~~~~~~~~~~~~~~~~~~~~~~~~~
~~~~~~~~~~
    + CategoryInfo           
   : NotSpecified: (Failed   
  to compile.:String) [],    
 RemoteException
    + FullyQualifiedErrorId  
   : NativeCommandError
 

.next/dev/types/validator.ts:
103:31
Type error: Type 'typeof impo
rt("C:/Users/FBC/Downloads/ai
rtable/src/app/(dashboard)/pr
ojects/[projectId]/layout")' 
does not satisfy the 
constraint 'LayoutConfig<"/pr
ojects/[projectId]">'.
  Types of property 
'default' are incompatible.
    Type '({ children, 
params, }: { children: 
ReactNode; params: { 
projectId: string; }; }) => 
Promise<Element>' is not 
assignable to type 'Component
Type<LayoutProps<"/projects/[
projectId]">> | ((props: Layo
utProps<"/projects/[projectId
]">) => void | Promise<void> 
| ReactNode | Promise<...>)'.
      Type '({ children, 
params, }: { children: 
ReactNode; params: { 
projectId: string; }; }) => 
Promise<Element>' is not 
assignable to type 'FunctionC
omponent<LayoutProps<"/projec
ts/[projectId]">>'.
        Types of parameters 
'__0' and 'props' are 
incompatible.
          Type 'LayoutProps<"
/projects/[projectId]">' is 
not assignable to type '{ 
children: ReactNode; params: 
{ projectId: string; }; }'.
            Types of 
property 'params' are 
incompatible.
              Property 
'projectId' is missing in 
type 'Promise<{ projectId: 
string; }>' but required in 
type '{ projectId: string; 
}'.

[0m [90m 101 |[39m   type 
__IsExpected[33m<[39m[33mS
pecific[39m 
[36mextends[39m [33mLayout
Config[39m[33m<[39m[32m"/
projects/[projectId]"[39m[3
3m>>[39m [33m=[39m 
[33mSpecific[39m
 [90m 102 |[39m   
[36mconst[39m handler 
[33m=[39m {} [36mas[39m 
[36mtypeof[39m [36mimport
[39m([32m"../../../src/app/(
dashboard)/projects/[projectI
d]/layout.js"[39m)
[31m[1m>[22m[39m[90m 
103 |[39m   type __Check 
[33m=[39m __IsExpected[33m
<[39m[36mtypeof[39m 
handler[33m>[39m
 [90m     |[39m            
                   
[31m[1m^[22m[39m
 [90m 104 |[39m   [90m// 
@ts-ignore[39m
 [90m 105 |[39m   type 
__Unused [33m=[39m __Check
 [90m 106 |[39m }[0m
Next.js build worker exited 
with code: 1 and signal: null
