src/app/actions/ai-compliance.ts(141,32): error TS2349: This expression is not callable.
  Type 'typeof import("C:/Users/FBC/Downloads/airtable/node_modules/pdf-parse/dist/pdf-parse/cjs/index")' has no call signatures.
